 windows32

 Timestamp is 5ce96f59 (Sat May 25 12:37:45 2019)

 Preferred load address is 00400000

 Start         Length     Name                   Class
 0001:00000000 00010000H .textbss                DATA
 0002:00000000 00005880H .text$mn                CODE
 0003:00000000 00000104H .CRT$XCA                DATA
 0003:00000104 00000104H .CRT$XCAA               DATA
 0003:00000208 00000104H .CRT$XCZ                DATA
 0003:0000030c 00000104H .CRT$XIA                DATA
 0003:00000410 00000104H .CRT$XIAA               DATA
 0003:00000514 00000104H .CRT$XIAC               DATA
 0003:00000618 00000104H .CRT$XIZ                DATA
 0003:0000071c 00000104H .CRT$XPA                DATA
 0003:00000820 00000104H .CRT$XPZ                DATA
 0003:00000924 00000104H .CRT$XTA                DATA
 0003:00000a28 00000108H .CRT$XTZ                DATA
 0003:00000b30 00000c14H .rdata                  DATA
 0003:00001744 000001e4H .rdata$zzzdbg           DATA
 0003:00001928 00000104H .rtc$IAA                DATA
 0003:00001a2c 00000104H .rtc$IMZ                DATA
 0003:00001b30 00000104H .rtc$IZZ                DATA
 0003:00001c34 00000104H .rtc$TAA                DATA
 0003:00001d38 00000104H .rtc$TMZ                DATA
 0003:00001e3c 00000104H .rtc$TZZ                DATA
 0003:00001f40 00000169H .xdata$x                DATA
 0003:000020a9 00000000H .edata                  DATA
 0004:00000000 000001e0H .data                   DATA
 0004:000001e0 000006c8H .bss                    DATA
 0005:00000000 000001f8H .idata$5                DATA
 0005:000001f8 00000050H .idata$2                DATA
 0005:00000248 00000014H .idata$3                DATA
 0005:0000025c 000001f8H .idata$4                DATA
 0005:00000454 0000071aH .idata$6                DATA
 0006:00000000 00000104H .00cfg                  DATA
 0007:00000000 000001c0H .rsrc$01                DATA
 0007:000001c0 00000396H .rsrc$02                DATA

  Address         Publics by Value              Rva+Base       Lib:Object

 0000:00000000       ___volatile_metadata       00000000     <absolute>
 0000:00000000       ___enclave_config          00000000     <absolute>
 0000:00000000       ___guard_iat_table         00000000     <absolute>
 0000:00000000       ___hybrid_code_map         00000000     <absolute>
 0000:00000000       ___safe_se_handler_table   00000000     <absolute>
 0000:00000000       ___safe_se_handler_count   00000000     <absolute>
 0000:00000000       ___hybrid_code_map_count   00000000     <absolute>
 0000:00000000       ___guard_longjmp_table     00000000     <absolute>
 0000:00000000       ___guard_longjmp_count     00000000     <absolute>
 0000:00000000       ___guard_fids_table        00000000     <absolute>
 0000:00000000       ___guard_fids_count        00000000     <absolute>
 0000:00000000       ___dynamic_value_reloc_table 00000000     <absolute>
 0000:00000000       ___AbsoluteZero            00000000     <absolute>
 0000:00000000       ___guard_iat_count         00000000     <absolute>
 0000:00000000       ___hybrid_auxiliary_iat    00000000     <absolute>
 0000:00000100       ___guard_flags             00000100     <absolute>
 0000:00000000       ___ImageBase               00400000     <linker-defined>
 0001:00000000       __enc$textbss$begin        00401000     <linker-defined>
 0001:00010000       __enc$textbss$end          00411000     <linker-defined>
 0002:00000770       _DlgProc@16                00411770 f   framework.obj
 0002:00000950       _WinMain@16                00411950 f   framework.obj
 0002:000009b0       _getInput                  004119b0 f   framework.obj
 0002:00000a80       _showOutput                00411a80 f   framework.obj
 0002:00000ae0       _MainProc                  00411ae0 f   example.obj
 0002:00000c60       wtoaproc                   00411c60 f   io.obj
 0002:00000ccd       dtoaproc                   00411ccd f   io.obj
 0002:00000d48       atowproc                   00411d48 f   io.obj
 0002:00000da4       atodproc                   00411da4 f   io.obj
 0002:00000e66       _DialogBoxParamA@20        00411e66 f   user32:USER32.dll
 0002:00000e6c       _EndDialog@8               00411e6c f   user32:USER32.dll
 0002:00000e72       _GetDlgItem@8              00411e72 f   user32:USER32.dll
 0002:00000e78       _SetDlgItemTextA@12        00411e78 f   user32:USER32.dll
 0002:00000e7e       _GetDlgItemTextA@16        00411e7e f   user32:USER32.dll
 0002:00000e84       _GetWindowTextLengthA@4    00411e84 f   user32:USER32.dll
 0002:00000e8a       _MessageBoxA@16            00411e8a f   user32:USER32.dll
 0002:00000e90       ___raise_securityfailure   00411e90 f   MSVCRTD:gs_report.obj
 0002:00000ed0       ___report_gsfailure        00411ed0 f   MSVCRTD:gs_report.obj
 0002:00001020       ___report_rangecheckfailure 00412020 f   MSVCRTD:gs_report.obj
 0002:00001030       ___report_securityfailure  00412030 f   MSVCRTD:gs_report.obj
 0002:00001140       ___report_securityfailureEx 00412140 f   MSVCRTD:gs_report.obj
 0002:000012b0       @_RTC_AllocaHelper@12      004122b0 f   MSVCRTD:stack.obj
 0002:000012f0       @_RTC_CheckStackVars2@12   004122f0 f   MSVCRTD:stack.obj
 0002:00001410       @_RTC_CheckStackVars@8     00412410 f   MSVCRTD:stack.obj
 0002:00001490       __RTC_CheckEsp             00412490 f   MSVCRTD:stack.obj
 0002:000014d0       __CRT_RTC_INIT             004124d0 f   MSVCRTD:init.obj
 0002:000014e0       __CRT_RTC_INITW            004124e0 f   MSVCRTD:init.obj
 0002:000014f0       __RTC_InitBase             004124f0 f   MSVCRTD:init.obj
 0002:00001530       __RTC_Shutdown             00412530 f   MSVCRTD:init.obj
 0002:00001920       ?configure_argv@__scrt_narrow_argv_policy@@SAHXZ 00412920 f i MSVCRTD:exe_winmain.obj
 0002:00001940       ?initialize_environment@__scrt_narrow_environment_policy@@SAHXZ 00412940 f i MSVCRTD:exe_winmain.obj
 0002:00001990       ?set_app_type@__scrt_winmain_policy@@SAXXZ 00412990 f i MSVCRTD:exe_winmain.obj
 0002:000019b0       ?set_commode@__scrt_file_policy@@SAXXZ 004129b0 f i MSVCRTD:exe_winmain.obj
 0002:000019d0       ?set_fmode@__scrt_file_policy@@SAXXZ 004129d0 f i MSVCRTD:exe_winmain.obj
 0002:000019f0       _WinMainCRTStartup         004129f0 f   MSVCRTD:exe_winmain.obj
 0002:00001ab0       ?_RTC_AllocaFailure@@YAXPAXPAU_RTC_ALLOCA_NODE@@H@Z 00412ab0 f   MSVCRTD:error.obj
 0002:00001bd0       ?_RTC_Failure@@YAXPAXH@Z   00412bd0 f   MSVCRTD:error.obj
 0002:00001c40       ?_RTC_StackFailure@@YAXPAXPBD@Z 00412c40 f   MSVCRTD:error.obj
 0002:000020f0       __RTC_UninitUse            004130f0 f   MSVCRTD:error.obj
 0002:000021d0       ___local_stdio_printf_options 004131d0 f i MSVCRTD:error.obj
 0002:000021e0       __vsprintf_s_l             004131e0 f i MSVCRTD:error.obj
 0002:00002220       _sprintf_s                 00413220 f i MSVCRTD:error.obj
 0002:00002250       ?_RTC_GetErrorFunc@@YAP6AHHPBDH00ZZPBX@Z 00413250 f   MSVCRTD:userapi.obj
 0002:00002260       ?_RTC_GetErrorFuncW@@YAP6AHHPB_WH00ZZPBX@Z 00413260 f   MSVCRTD:userapi.obj
 0002:00002270       __RTC_GetErrDesc           00413270 f   MSVCRTD:userapi.obj
 0002:00002290       __RTC_NumErrors            00413290 f   MSVCRTD:userapi.obj
 0002:000022a0       __RTC_SetErrorFunc         004132a0 f   MSVCRTD:userapi.obj
 0002:000022d0       __RTC_SetErrorFuncW        004132d0 f   MSVCRTD:userapi.obj
 0002:00002300       __RTC_SetErrorType         00413300 f   MSVCRTD:userapi.obj
 0002:00002330       ??$__crt_fast_decode_pointer@PAP6AXXZ@@YAPAP6AXXZQAP6AXXZ@Z 00413330 f i MSVCRTD:utility.obj
 0002:00002360       ??$__crt_fast_encode_pointer@PAP6AXXZ@@YAPAP6AXXZQAP6AXXZ@Z 00413360 f i MSVCRTD:utility.obj
 0002:000023a0       ?__crt_rotate_pointer_value@@YAIIH@Z 004133a0 f i MSVCRTD:utility.obj
 0002:000024f0       _NtCurrentTeb              004134f0 f i MSVCRTD:utility.obj
 0002:00002500       ___scrt_acquire_startup_lock 00413500 f   MSVCRTD:utility.obj
 0002:00002560       ___scrt_dllmain_after_initialize_c 00413560 f   MSVCRTD:utility.obj
 0002:000025a0       ___scrt_dllmain_before_initialize_c 004135a0 f   MSVCRTD:utility.obj
 0002:000025d0       ___scrt_dllmain_crt_thread_attach 004135d0 f   MSVCRTD:utility.obj
 0002:00002610       ___scrt_dllmain_crt_thread_detach 00413610 f   MSVCRTD:utility.obj
 0002:00002630       ___scrt_dllmain_exception_filter 00413630 f   MSVCRTD:utility.obj
 0002:00002690       ___scrt_dllmain_uninitialize_c 00413690 f   MSVCRTD:utility.obj
 0002:000026d0       ___scrt_dllmain_uninitialize_critical 004136d0 f   MSVCRTD:utility.obj
 0002:000026f0       ___scrt_initialize_crt     004136f0 f   MSVCRTD:utility.obj
 0002:00002750       ___scrt_initialize_onexit_tables 00413750 f   MSVCRTD:utility.obj
 0002:00002870       ___scrt_is_nonwritable_in_current_image 00413870 f   MSVCRTD:utility.obj
 0002:000029f0       ___scrt_release_startup_lock 004139f0 f   MSVCRTD:utility.obj
 0002:00002a20       ___scrt_uninitialize_crt   00413a20 f   MSVCRTD:utility.obj
 0002:00002a70       __onexit                   00413a70 f   MSVCRTD:utility.obj
 0002:00002b00       _at_quick_exit             00413b00 f   MSVCRTD:utility.obj
 0002:00002b60       _atexit                    00413b60 f   MSVCRTD:utility.obj
 0002:00002c30       ___security_init_cookie    00413c30 f   MSVCRTD:gs_support.obj
 0002:00002cd0       __matherr                  00413cd0 f   MSVCRTD:matherr.obj
 0002:00002ce0       __get_startup_argv_mode    00413ce0 f   MSVCRTD:argv_mode.obj
 0002:00002cf0       __get_startup_commit_mode  00413cf0 f   MSVCRTD:commit_mode.obj
 0002:00002d00       __get_startup_file_mode    00413d00 f   MSVCRTD:file_mode.obj
 0002:00002d10       __get_startup_new_mode     00413d10 f   MSVCRTD:new_mode.obj
 0002:00002d20       __get_startup_thread_locale_mode 00413d20 f   MSVCRTD:thread_locale.obj
 0002:00002d30       ?__scrt_initialize_type_info@@YAXXZ 00413d30 f   MSVCRTD:tncleanup.obj
 0002:00002d50       ?__scrt_uninitialize_type_info@@YAXXZ 00413d50 f   MSVCRTD:tncleanup.obj
 0002:00002d70       __should_initialize_environment 00413d70 f   MSVCRTD:env_mode.obj
 0002:00002d80       __initialize_default_precision 00413d80 f   MSVCRTD:default_precision.obj
 0002:00002db0       __initialize_invalid_parameter_handler 00413db0 f   MSVCRTD:invalid_parameter_handler.obj
 0002:00002dc0       __initialize_denormal_control 00413dc0 f   MSVCRTD:denormal_control.obj
 0002:00002dd0       ___local_stdio_scanf_options 00413dd0 f i MSVCRTD:default_local_stdio_options.obj
 0002:00002de0       ___scrt_initialize_default_local_stdio_options 00413de0 f   MSVCRTD:default_local_stdio_options.obj
 0002:00002e30       ___scrt_is_user_matherr_present 00413e30 f   MSVCRTD:matherr_detection.obj
 0002:00002e60       ___scrt_get_dyn_tls_init_callback 00413e60 f   MSVCRTD:dyn_tls_init.obj
 0002:00002e70       ___scrt_get_dyn_tls_dtor_callback 00413e70 f   MSVCRTD:dyn_tls_dtor.obj
 0002:00002e80       ___scrt_fastfail           00413e80 f   MSVCRTD:utility_desktop.obj
 0002:00003010       ___scrt_get_show_window_mode 00414010 f   MSVCRTD:utility_desktop.obj
 0002:00003060       ___scrt_initialize_mta     00414060 f   MSVCRTD:utility_desktop.obj
 0002:00003070       ___scrt_initialize_winrt   00414070 f   MSVCRTD:utility_desktop.obj
 0002:00003080       ___scrt_is_managed_app     00414080 f   MSVCRTD:utility_desktop.obj
 0002:00003130       ___scrt_set_unhandled_exception_filter 00414130 f   MSVCRTD:utility_desktop.obj
 0002:00003150       ___scrt_exe_initialize_mta 00414150 f   MSVCRTD:utility_desktop.obj
 0002:00003150       ___scrt_stub_for_initialize_mta 00414150 f   MSVCRTD:utility_desktop.obj
 0002:00003160       ___scrt_unhandled_exception_filter@4 00414160 f   MSVCRTD:utility_desktop.obj
 0002:000031e0       __crt_debugger_hook        004141e0 f   MSVCRTD:utility_desktop.obj
 0002:00003200       __RTC_Initialize           00414200 f   MSVCRTD:initsect.obj
 0002:00003240       __RTC_Terminate            00414240 f   MSVCRTD:initsect.obj
 0002:00003280       __except_handler4          00414280 f   MSVCRTD:chandler4gs.obj
 0002:000032d0       @_guard_check_icall_nop@4  004142d0 f i MSVCRTD:guard_support.obj
 0002:000032e0       _ReadNoFence               004142e0 f i MSVCRTD:guard_support.obj
 0002:00003300       _ReadPointerNoFence        00414300 f i MSVCRTD:guard_support.obj
 0002:00003320       __guard_icall_checks_enforced 00414320 f i MSVCRTD:guard_support.obj
 0002:000038f0       ?_RTC_GetSrcLine@@YAHPAEPA_WKPAH1K@Z 004148f0 f   MSVCRTD:pdblkup.obj
 0002:00003d60       @__security_check_cookie@4 00414d60 f   MSVCRTD:secchk.obj
 0002:00003d80       __except_handler4_noexcept 00414d80 f   MSVCRTD:chandler4_noexcept.obj
 0002:00003de0       ___isa_available_init      00414de0 f   MSVCRTD:cpu_disp.obj
 0002:00004170       ___scrt_is_ucrt_dll_in_use 00415170 f   MSVCRTD:ucrt_detection.obj
 0002:0000419d       ___std_type_info_destroy_list 0041519d f   vcruntimed:VCRUNTIME140D.dll
 0002:000041a3       _memset                    004151a3 f   vcruntimed:VCRUNTIME140D.dll
 0002:000041a9       __except_handler4_common   004151a9 f   vcruntimed:VCRUNTIME140D.dll
 0002:000041af       ___vcrt_GetModuleFileNameW 004151af f   vcruntimed:VCRUNTIME140D.dll
 0002:000041b5       ___vcrt_GetModuleHandleW   004151b5 f   vcruntimed:VCRUNTIME140D.dll
 0002:000041bb       ___vcrt_LoadLibraryExW     004151bb f   vcruntimed:VCRUNTIME140D.dll
 0002:000041c1       _strcpy                    004151c1 f   ucrtd:ucrtbased.dll
 0002:000041c7       __CrtDbgReport             004151c7 f   ucrtd:ucrtbased.dll
 0002:000041cd       __CrtDbgReportW            004151cd f   ucrtd:ucrtbased.dll
 0002:000041d3       __seh_filter_exe           004151d3 f   ucrtd:ucrtbased.dll
 0002:000041d9       __set_app_type             004151d9 f   ucrtd:ucrtbased.dll
 0002:000041df       ___setusermatherr          004151df f   ucrtd:ucrtbased.dll
 0002:000041e5       __configure_narrow_argv    004151e5 f   ucrtd:ucrtbased.dll
 0002:000041eb       __initialize_narrow_environment 004151eb f   ucrtd:ucrtbased.dll
 0002:000041f1       __get_narrow_winmain_command_line 004151f1 f   ucrtd:ucrtbased.dll
 0002:000041f7       __initterm                 004151f7 f   ucrtd:ucrtbased.dll
 0002:000041fd       __initterm_e               004151fd f   ucrtd:ucrtbased.dll
 0002:00004203       _exit                      00415203 f   ucrtd:ucrtbased.dll
 0002:00004209       __exit                     00415209 f   ucrtd:ucrtbased.dll
 0002:0000420f       __set_fmode                0041520f f   ucrtd:ucrtbased.dll
 0002:00004215       __cexit                    00415215 f   ucrtd:ucrtbased.dll
 0002:0000421b       __c_exit                   0041521b f   ucrtd:ucrtbased.dll
 0002:00004221       __register_thread_local_exe_atexit_callback 00415221 f   ucrtd:ucrtbased.dll
 0002:00004227       __configthreadlocale       00415227 f   ucrtd:ucrtbased.dll
 0002:0000422d       __set_new_mode             0041522d f   ucrtd:ucrtbased.dll
 0002:00004233       ___p__commode              00415233 f   ucrtd:ucrtbased.dll
 0002:00004239       _strcpy_s                  00415239 f   ucrtd:ucrtbased.dll
 0002:0000423f       _strcat_s                  0041523f f   ucrtd:ucrtbased.dll
 0002:00004245       ___stdio_common_vsprintf_s 00415245 f   ucrtd:ucrtbased.dll
 0002:0000424b       __seh_filter_dll           0041524b f   ucrtd:ucrtbased.dll
 0002:00004251       __initialize_onexit_table  00415251 f   ucrtd:ucrtbased.dll
 0002:00004257       __register_onexit_function 00415257 f   ucrtd:ucrtbased.dll
 0002:0000425d       __execute_onexit_table     0041525d f   ucrtd:ucrtbased.dll
 0002:00004263       __crt_atexit               00415263 f   ucrtd:ucrtbased.dll
 0002:00004269       __crt_at_quick_exit        00415269 f   ucrtd:ucrtbased.dll
 0002:0000426f       __controlfp_s              0041526f f   ucrtd:ucrtbased.dll
 0002:00004275       _terminate                 00415275 f   ucrtd:ucrtbased.dll
 0002:0000427b       __wmakepath_s              0041527b f   ucrtd:ucrtbased.dll
 0002:00004281       __wsplitpath_s             00415281 f   ucrtd:ucrtbased.dll
 0002:00004287       _wcscpy_s                  00415287 f   ucrtd:ucrtbased.dll
 0002:0000428d       _UnhandledExceptionFilter@4 0041528d f   kernel32:KERNEL32.dll
 0002:00004293       _SetUnhandledExceptionFilter@4 00415293 f   kernel32:KERNEL32.dll
 0002:00004299       _GetCurrentProcess@0       00415299 f   kernel32:KERNEL32.dll
 0002:0000429f       _TerminateProcess@8        0041529f f   kernel32:KERNEL32.dll
 0002:000042a5       _IsProcessorFeaturePresent@4 004152a5 f   kernel32:KERNEL32.dll
 0002:000042ab       _IsDebuggerPresent@0       004152ab f   kernel32:KERNEL32.dll
 0002:000042b1       _RaiseException@16         004152b1 f   kernel32:KERNEL32.dll
 0002:000042b7       _MultiByteToWideChar@24    004152b7 f   kernel32:KERNEL32.dll
 0002:000042bd       _WideCharToMultiByte@32    004152bd f   kernel32:KERNEL32.dll
 0002:000042c3       _QueryPerformanceCounter@4 004152c3 f   kernel32:KERNEL32.dll
 0002:000042c9       _GetCurrentProcessId@0     004152c9 f   kernel32:KERNEL32.dll
 0002:000042cf       _GetCurrentThreadId@0      004152cf f   kernel32:KERNEL32.dll
 0002:000042d5       _GetSystemTimeAsFileTime@4 004152d5 f   kernel32:KERNEL32.dll
 0002:000042db       _InitializeSListHead@4     004152db f   kernel32:KERNEL32.dll
 0002:000042e1       _GetStartupInfoW@4         004152e1 f   kernel32:KERNEL32.dll
 0002:000042e7       _GetModuleHandleW@4        004152e7 f   kernel32:KERNEL32.dll
 0002:000042ed       _GetLastError@0            004152ed f   kernel32:KERNEL32.dll
 0002:000042f3       _HeapAlloc@12              004152f3 f   kernel32:KERNEL32.dll
 0002:000042f9       _HeapFree@12               004152f9 f   kernel32:KERNEL32.dll
 0002:000042ff       _GetProcessHeap@0          004152ff f   kernel32:KERNEL32.dll
 0002:00004305       _VirtualQuery@12           00415305 f   kernel32:KERNEL32.dll
 0002:0000430b       _FreeLibrary@4             0041530b f   kernel32:KERNEL32.dll
 0002:00004311       _GetProcAddress@8          00415311 f   kernel32:KERNEL32.dll
 0002:00004320       ___vcrt_initialize         00415320 f   MSVCRTD:ucrt_stubs.obj
 0002:00004320       ___scrt_stub_for_acrt_initialize 00415320 f   MSVCRTD:ucrt_stubs.obj
 0002:00004320       ___acrt_initialize         00415320 f   MSVCRTD:ucrt_stubs.obj
 0002:00004330       ___vcrt_thread_attach      00415330 f   MSVCRTD:ucrt_stubs.obj
 0002:00004330       ___scrt_stub_for_acrt_thread_attach 00415330 f   MSVCRTD:ucrt_stubs.obj
 0002:00004330       ___acrt_thread_attach      00415330 f   MSVCRTD:ucrt_stubs.obj
 0002:00004340       ___acrt_thread_detach      00415340 f   MSVCRTD:ucrt_stubs.obj
 0002:00004340       ___scrt_stub_for_acrt_thread_detach 00415340 f   MSVCRTD:ucrt_stubs.obj
 0002:00004340       ___vcrt_thread_detach      00415340 f   MSVCRTD:ucrt_stubs.obj
 0002:00004350       ___vcrt_uninitialize       00415350 f   MSVCRTD:ucrt_stubs.obj
 0002:00004350       ___scrt_stub_for_acrt_uninitialize 00415350 f   MSVCRTD:ucrt_stubs.obj
 0002:00004350       ___acrt_uninitialize       00415350 f   MSVCRTD:ucrt_stubs.obj
 0002:00004360       ___vcrt_uninitialize_critical 00415360 f   MSVCRTD:ucrt_stubs.obj
 0002:00004360       ___scrt_stub_for_acrt_uninitialize_critical 00415360 f   MSVCRTD:ucrt_stubs.obj
 0002:00004360       ___acrt_uninitialize_critical 00415360 f   MSVCRTD:ucrt_stubs.obj
 0002:00004370       ___scrt_stub_for_is_c_termination_complete 00415370 f   MSVCRTD:ucrt_stubs.obj
 0002:00004370       __is_c_termination_complete 00415370 f   MSVCRTD:ucrt_stubs.obj
 0002:00004380       __filter_x86_sse2_floating_point_exception 00415380 f   MSVCRTD:x86_exception_filter.obj
 0002:00004380       __filter_x86_sse2_floating_point_exception_default 00415380 f   MSVCRTD:x86_exception_filter.obj
 0003:00000000       ___xc_a                    00417000     MSVCRTD:initializers.obj
 0003:00000208       ___xc_z                    00417208     MSVCRTD:initializers.obj
 0003:0000030c       ___xi_a                    0041730c     MSVCRTD:initializers.obj
 0003:00000618       ___xi_z                    00417618     MSVCRTD:initializers.obj
 0003:0000071c       ___xp_a                    0041771c     MSVCRTD:initializers.obj
 0003:00000820       ___xp_z                    00417820     MSVCRTD:initializers.obj
 0003:00000924       ___xt_a                    00417924     MSVCRTD:initializers.obj
 0003:00000a28       ___xt_z                    00417a28     MSVCRTD:initializers.obj
 0003:00000b30       ??_C@_00CNPNBAHC@@         00417b30     framework.obj
 0003:00000b34       ??_C@_07KGMMFLDN@Warning@  00417b34     framework.obj
 0003:00000b40       ??_C@_0BA@KGPGJABH@Nothing?5entered@ 00417b40     framework.obj
 0003:00000c20       ??_C@_0NN@NGPKDKPD@The?5value?5of?5ESP?5was?5not?5proper@ 00417c20     MSVCRTD:error.obj
 0003:00000d30       ??_C@_0BBN@GPMLNJCF@A?5cast?5to?5a?5smaller?5data?5type?5h@ 00417d30     MSVCRTD:error.obj
 0003:00000e88       ??_C@_0BN@FFOINMNJ@Stack?5memory?5was?5corrupted?6?$AN@ 00417e88     MSVCRTD:error.obj
 0003:00000eac       ??_C@_0DG@HKJMLLLP@A?5local?5variable?5was?5used?5befor@ 00417eac     MSVCRTD:error.obj
 0003:00000eec       ??_C@_0CM@NGINOKPC@Stack?5memory?5around?5_alloca?5was@ 00417eec     MSVCRTD:error.obj
 0003:00000f20       ??_C@_0BO@GNIAFIKK@Unknown?5Runtime?5Check?5Error?6?$AN@ 00417f20     MSVCRTD:error.obj
 0003:00000f48       ??_C@_1GM@OLMCBDMB@?$AAR?$AAu?$AAn?$AAt?$AAi?$AAm?$AAe?$AA?5?$AAC?$AAh?$AAe?$AAc?$AAk?$AA?5?$AAE@ 00417f48     MSVCRTD:error.obj
 0003:00000fd0       ??_C@_1EA@NFKNIFJP@?$AAR?$AAu?$AAn?$AA?9?$AAT?$AAi?$AAm?$AAe?$AA?5?$AAC?$AAh?$AAe?$AAc?$AAk?$AA?5@ 00417fd0     MSVCRTD:error.obj
 0003:0000101c       ??_C@_0BB@PFFGGCJP@Unknown?5Filename@ 0041801c     MSVCRTD:error.obj
 0003:00001030       ??_C@_0BE@GNBOBNCK@Unknown?5Module?5Name@ 00418030     MSVCRTD:error.obj
 0003:00001048       ??_C@_0CA@IODNCDPG@Run?9Time?5Check?5Failure?5?$CD?$CFd?5?9?5?$CFs@ 00418048     MSVCRTD:error.obj
 0003:00001070       ??_C@_0CG@IAFNJNEE@Stack?5corrupted?5near?5unknown?5va@ 00418070     MSVCRTD:error.obj
 0003:000010a0       ??_C@_05MKKEDADM@?$CF?42X?5@ 004180a0     MSVCRTD:error.obj
 0003:000010a8       ??_C@_0EJ@LJKNEOLN@Stack?5area?5around?5_alloca?5memor@ 004180a8     MSVCRTD:error.obj
 0003:00001100       ??_C@_01EEMJAFIK@?6@       00418100     MSVCRTD:error.obj
 0003:00001104       ??_C@_02LLMPMKNF@?$DO?5@   00418104     MSVCRTD:error.obj
 0003:00001108       ??_C@_08OMAHNMHJ@?6Data?3?5?$DM@ 00418108     MSVCRTD:error.obj
 0003:00001114       ??_C@_0CK@DKGBICFE@?6Allocation?5number?5within?5this?5@ 00418114     MSVCRTD:error.obj
 0003:00001148       ??_C@_07DFDJCKFN@?6Size?3?5@ 00418148     MSVCRTD:error.obj
 0003:00001154       ??_C@_0N@MHFFIMFG@?6Address?3?50x@ 00418154     MSVCRTD:error.obj
 0003:00001168       ??_C@_0EI@CLEPFNGI@Stack?5area?5around?5_alloca?5memor@ 00418168     MSVCRTD:error.obj
 0003:000011c0       ??_C@_0BK@ODNDAGKB@?$CFs?$CFs?$CFp?$CFs?$CFzd?$CFs?$CFd?$CFs?$CFs?$CFs?$CFs?$CFs@ 004181c0     MSVCRTD:error.obj
 0003:000011e0       ??_C@_0DE@OHJBPMBP@A?5variable?5is?5being?5used?5withou@ 004181e0     MSVCRTD:error.obj
 0003:00001238       ??_C@_0BJ@HEGAHDFO@Stack?5pointer?5corruption@ 00418238     MSVCRTD:userapi.obj
 0003:00001258       ??_C@_0CK@FEGOIOPB@Cast?5to?5smaller?5type?5causing?5lo@ 00418258     MSVCRTD:userapi.obj
 0003:0000128c       ??_C@_0BI@CIGMDCBH@Stack?5memory?5corruption@ 0041828c     MSVCRTD:userapi.obj
 0003:000012a8       ??_C@_0CK@CNLNOEPB@Local?5variable?5used?5before?5init@ 004182a8     MSVCRTD:userapi.obj
 0003:000012dc       ??_C@_0BP@OGBCLIBO@Stack?5around?5_alloca?5corrupted@ 004182dc     MSVCRTD:userapi.obj
 0003:00001360       ??_C@_1EI@MLPKHBGE@?$AAa?$AAp?$AAi?$AA?9?$AAm?$AAs?$AA?9?$AAw?$AAi?$AAn?$AA?9?$AAc?$AAo?$AAr?$AAe@ 00418360     MSVCRTD:pdblkup.obj
 0003:000013b8       ??_C@_1BK@JHLNAEJL@?$AAa?$AAd?$AAv?$AAa?$AAp?$AAi?$AA3?$AA2?$AA?4?$AAd?$AAl?$AAl@ 004183b8     MSVCRTD:pdblkup.obj
 0003:000013d8       ??_C@_0O@COHOBMLB@RegOpenKeyExW@ 004183d8     MSVCRTD:pdblkup.obj
 0003:000013e8       ??_C@_0BB@GLNAEDBD@RegQueryValueExW@ 004183e8     MSVCRTD:pdblkup.obj
 0003:000013fc       ??_C@_0M@HLOHPNFA@RegCloseKey@ 004183fc     MSVCRTD:pdblkup.obj
 0003:00001410       ??_C@_1HE@EBEAGLFB@?$AAS?$AAO?$AAF?$AAT?$AAW?$AAA?$AAR?$AAE?$AA?2?$AAW?$AAo?$AAw?$AA6?$AA4?$AA3@ 00418410     MSVCRTD:pdblkup.obj
 0003:0000149c       ??_C@_1BG@EABPBLLF@?$AAP?$AAr?$AAo?$AAd?$AAu?$AAc?$AAt?$AAD?$AAi?$AAr@ 0041849c     MSVCRTD:pdblkup.obj
 0003:000014dc       ??_C@_1BC@JINFINNJ@?$AAM?$AAS?$AAP?$AAD?$AAB?$AA1?$AA4?$AA0@ 004184dc     MSVCRTD:pdblkup.obj
 0003:000014f4       ??_C@_0BB@KCIACLNC@PDBOpenValidate5@ 004184f4     MSVCRTD:pdblkup.obj
 0003:00001508       ??_C@_01KDCPPGHE@r@        00418508     MSVCRTD:pdblkup.obj
 0003:00001548       __load_config_used         00418548     MSVCRTD:loadcfg.obj
 0003:00001928       ___rtc_iaa                 00418928     MSVCRTD:initsect.obj
 0003:00001b30       ___rtc_izz                 00418b30     MSVCRTD:initsect.obj
 0003:00001c34       ___rtc_taa                 00418c34     MSVCRTD:initsect.obj
 0003:00001e3c       ___rtc_tzz                 00418e3c     MSVCRTD:initsect.obj
 0004:000000a0       ___security_cookie_complement 0041a0a0     MSVCRTD:gs_cookie.obj
 0004:000000a4       ___security_cookie         0041a0a4     MSVCRTD:gs_cookie.obj
 0004:000000ac       ?_RTC_ErrorLevels@@3PAHA   0041a0ac     MSVCRTD:error.obj
 0004:000000c4       ___scrt_native_dllmain_reason 0041a0c4     MSVCRTD:utility.obj
 0004:000000c8       ___scrt_default_matherr    0041a0c8     MSVCRTD:matherr.obj
 0004:000000cc       ___isa_enabled             0041a0cc     MSVCRTD:cpu_disp.obj
 0004:000000d0       ___scrt_ucrt_dll_is_in_use 0041a0d0     MSVCRTD:ucrt_stubs.obj
 0004:00000808       ?_OptionsStorage@?1??__local_stdio_printf_options@@9@4_KA 0041a808     MSVCRTD:error.obj
 0004:00000820       ___scrt_current_native_startup_state 0041a820     MSVCRTD:utility.obj
 0004:00000824       ___scrt_native_startup_lock 0041a824     MSVCRTD:utility.obj
 0004:00000850       ?__type_info_root_node@@3U__type_info_node@@A 0041a850     MSVCRTD:tncleanup.obj
 0004:00000860       ?_OptionsStorage@?1??__local_stdio_scanf_options@@9@4_KA 0041a860     MSVCRTD:default_local_stdio_options.obj
 0004:0000086c       ___scrt_debugger_hook_flag 0041a86c     MSVCRTD:utility_desktop.obj
 0004:00000878       ___isa_available           0041a878     MSVCRTD:cpu_disp.obj
 0004:0000087c       ___favor                   0041a87c     MSVCRTD:cpu_disp.obj
 0004:00000884       __hInstance                0041a884     <common>
 0004:00000890       ___dyn_tls_dtor_callback   0041a890     <common>
 0004:0000089c       ___dyn_tls_init_callback   0041a89c     <common>
 0005:00000000       __imp__GetStartupInfoW@4   0041b000     kernel32:KERNEL32.dll
 0005:00000004       __imp__SetUnhandledExceptionFilter@4 0041b004     kernel32:KERNEL32.dll
 0005:00000008       __imp__GetCurrentProcess@0 0041b008     kernel32:KERNEL32.dll
 0005:0000000c       __imp__TerminateProcess@8  0041b00c     kernel32:KERNEL32.dll
 0005:00000010       __imp__IsProcessorFeaturePresent@4 0041b010     kernel32:KERNEL32.dll
 0005:00000014       __imp__IsDebuggerPresent@0 0041b014     kernel32:KERNEL32.dll
 0005:00000018       __imp__RaiseException@16   0041b018     kernel32:KERNEL32.dll
 0005:0000001c       __imp__GetProcAddress@8    0041b01c     kernel32:KERNEL32.dll
 0005:00000020       __imp__FreeLibrary@4       0041b020     kernel32:KERNEL32.dll
 0005:00000024       __imp__VirtualQuery@12     0041b024     kernel32:KERNEL32.dll
 0005:00000028       __imp__GetProcessHeap@0    0041b028     kernel32:KERNEL32.dll
 0005:0000002c       __imp__HeapFree@12         0041b02c     kernel32:KERNEL32.dll
 0005:00000030       __imp__HeapAlloc@12        0041b030     kernel32:KERNEL32.dll
 0005:00000034       __imp__GetLastError@0      0041b034     kernel32:KERNEL32.dll
 0005:00000038       __imp__GetModuleHandleW@4  0041b038     kernel32:KERNEL32.dll
 0005:0000003c       __imp__UnhandledExceptionFilter@4 0041b03c     kernel32:KERNEL32.dll
 0005:00000040       __imp__InitializeSListHead@4 0041b040     kernel32:KERNEL32.dll
 0005:00000044       __imp__GetSystemTimeAsFileTime@4 0041b044     kernel32:KERNEL32.dll
 0005:00000048       __imp__GetCurrentThreadId@0 0041b048     kernel32:KERNEL32.dll
 0005:0000004c       __imp__GetCurrentProcessId@0 0041b04c     kernel32:KERNEL32.dll
 0005:00000050       __imp__QueryPerformanceCounter@4 0041b050     kernel32:KERNEL32.dll
 0005:00000054       __imp__WideCharToMultiByte@32 0041b054     kernel32:KERNEL32.dll
 0005:00000058       __imp__MultiByteToWideChar@24 0041b058     kernel32:KERNEL32.dll
 0005:0000005c       \177KERNEL32_NULL_THUNK_DATA 0041b05c     kernel32:KERNEL32.dll
 0005:00000098       __imp__GetDlgItemTextA@16  0041b098     user32:USER32.dll
 0005:0000009c       __imp__SetDlgItemTextA@12  0041b09c     user32:USER32.dll
 0005:000000a0       __imp__GetDlgItem@8        0041b0a0     user32:USER32.dll
 0005:000000a4       __imp__EndDialog@8         0041b0a4     user32:USER32.dll
 0005:000000a8       __imp__GetWindowTextLengthA@4 0041b0a8     user32:USER32.dll
 0005:000000ac       __imp__MessageBoxA@16      0041b0ac     user32:USER32.dll
 0005:000000b0       __imp__DialogBoxParamA@20  0041b0b0     user32:USER32.dll
 0005:000000b4       \177USER32_NULL_THUNK_DATA 0041b0b4     user32:USER32.dll
 0005:000000e4       __imp____vcrt_GetModuleFileNameW 0041b0e4     vcruntimed:VCRUNTIME140D.dll
 0005:000000e8       __imp____vcrt_GetModuleHandleW 0041b0e8     vcruntimed:VCRUNTIME140D.dll
 0005:000000ec       __imp____vcrt_LoadLibraryExW 0041b0ec     vcruntimed:VCRUNTIME140D.dll
 0005:000000f0       __imp__memset              0041b0f0     vcruntimed:VCRUNTIME140D.dll
 0005:000000f4       __imp___except_handler4_common 0041b0f4     vcruntimed:VCRUNTIME140D.dll
 0005:000000f8       __imp____std_type_info_destroy_list 0041b0f8     vcruntimed:VCRUNTIME140D.dll
 0005:000000fc       \177VCRUNTIME140D_NULL_THUNK_DATA 0041b0fc     vcruntimed:VCRUNTIME140D.dll
 0005:0000012c       __imp___initialize_onexit_table 0041b12c     ucrtd:ucrtbased.dll
 0005:00000130       __imp___register_onexit_function 0041b130     ucrtd:ucrtbased.dll
 0005:00000134       __imp___execute_onexit_table 0041b134     ucrtd:ucrtbased.dll
 0005:00000138       __imp___crt_atexit         0041b138     ucrtd:ucrtbased.dll
 0005:0000013c       __imp___crt_at_quick_exit  0041b13c     ucrtd:ucrtbased.dll
 0005:00000140       __imp___controlfp_s        0041b140     ucrtd:ucrtbased.dll
 0005:00000144       __imp__terminate           0041b144     ucrtd:ucrtbased.dll
 0005:00000148       __imp___wmakepath_s        0041b148     ucrtd:ucrtbased.dll
 0005:0000014c       __imp___wsplitpath_s       0041b14c     ucrtd:ucrtbased.dll
 0005:00000150       __imp__wcscpy_s            0041b150     ucrtd:ucrtbased.dll
 0005:00000154       __imp___c_exit             0041b154     ucrtd:ucrtbased.dll
 0005:00000158       __imp___cexit              0041b158     ucrtd:ucrtbased.dll
 0005:0000015c       __imp__strcat_s            0041b15c     ucrtd:ucrtbased.dll
 0005:00000160       __imp___exit               0041b160     ucrtd:ucrtbased.dll
 0005:00000164       __imp__exit                0041b164     ucrtd:ucrtbased.dll
 0005:00000168       __imp___initterm_e         0041b168     ucrtd:ucrtbased.dll
 0005:0000016c       __imp___initterm           0041b16c     ucrtd:ucrtbased.dll
 0005:00000170       __imp___get_narrow_winmain_command_line 0041b170     ucrtd:ucrtbased.dll
 0005:00000174       __imp___initialize_narrow_environment 0041b174     ucrtd:ucrtbased.dll
 0005:00000178       __imp___configure_narrow_argv 0041b178     ucrtd:ucrtbased.dll
 0005:0000017c       __imp____setusermatherr    0041b17c     ucrtd:ucrtbased.dll
 0005:00000180       __imp___set_app_type       0041b180     ucrtd:ucrtbased.dll
 0005:00000184       __imp___seh_filter_exe     0041b184     ucrtd:ucrtbased.dll
 0005:00000188       __imp___CrtDbgReportW      0041b188     ucrtd:ucrtbased.dll
 0005:0000018c       __imp___CrtDbgReport       0041b18c     ucrtd:ucrtbased.dll
 0005:00000190       __imp__strcpy              0041b190     ucrtd:ucrtbased.dll
 0005:00000194       __imp___seh_filter_dll     0041b194     ucrtd:ucrtbased.dll
 0005:00000198       __imp__strcpy_s            0041b198     ucrtd:ucrtbased.dll
 0005:0000019c       __imp____p__commode        0041b19c     ucrtd:ucrtbased.dll
 0005:000001a0       __imp___set_new_mode       0041b1a0     ucrtd:ucrtbased.dll
 0005:000001a4       __imp___configthreadlocale 0041b1a4     ucrtd:ucrtbased.dll
 0005:000001a8       __imp___set_fmode          0041b1a8     ucrtd:ucrtbased.dll
 0005:000001ac       __imp___register_thread_local_exe_atexit_callback 0041b1ac     ucrtd:ucrtbased.dll
 0005:000001b0       __imp____stdio_common_vsprintf_s 0041b1b0     ucrtd:ucrtbased.dll
 0005:000001b4       \177ucrtbased_NULL_THUNK_DATA 0041b1b4     ucrtd:ucrtbased.dll
 0005:000001f8       __IMPORT_DESCRIPTOR_USER32 0041b1f8     user32:USER32.dll
 0005:0000020c       __IMPORT_DESCRIPTOR_VCRUNTIME140D 0041b20c     vcruntimed:VCRUNTIME140D.dll
 0005:00000220       __IMPORT_DESCRIPTOR_ucrtbased 0041b220     ucrtd:ucrtbased.dll
 0005:00000234       __IMPORT_DESCRIPTOR_KERNEL32 0041b234     kernel32:KERNEL32.dll
 0005:00000248       __NULL_IMPORT_DESCRIPTOR   0041b248     user32:USER32.dll
 0006:00000000       ___guard_check_icall_fptr  0041c000     MSVCRTD:guard_support.obj

 entry point at        0002:00000262

 Static symbols

 0000:fffe2000       .debug$S                   00400000     ucrtd:ucrtbased.dll
 0000:fffe2000       .debug$S                   00400000     ucrtd:ucrtbased.dll
 0000:fffe2000       .debug$S                   00400000     ucrtd:ucrtbased.dll
 0000:fffe2000       .debug$S                   00400000     ucrtd:ucrtbased.dll
 0000:fffe2000       .debug$S                   00400000     ucrtd:ucrtbased.dll
 0000:fffe2000       .debug$S                   00400000     ucrtd:ucrtbased.dll
 0000:fffe2000       .debug$S                   00400000     ucrtd:ucrtbased.dll
 0000:fffe4000       __guard_fids__             00400000     MSVCRTD:exe_winmain.obj
 0000:fffe2000       .debug$S                   00400000     ucrtd:ucrtbased.dll
 0000:fffe2000       .debug$S                   00400000     ucrtd:ucrtbased.dll
 0000:fffe2000       .debug$S                   00400000     ucrtd:ucrtbased.dll
 0000:fffe2000       .debug$S                   00400000     ucrtd:ucrtbased.dll
 0000:fffe2000       .debug$S                   00400000     ucrtd:ucrtbased.dll
 0000:fffe2000       .debug$S                   00400000     ucrtd:ucrtbased.dll
 0000:fffe2000       .debug$S                   00400000     ucrtd:ucrtbased.dll
 0000:fffe2000       .debug$S                   00400000     ucrtd:ucrtbased.dll
 0000:fffe2000       .debug$S                   00400000     ucrtd:ucrtbased.dll
 0000:fffe2000       .debug$S                   00400000     ucrtd:ucrtbased.dll
 0000:fffe2000       .debug$S                   00400000     kernel32:KERNEL32.dll
 0000:fffe2000       .debug$S                   00400000     ucrtd:ucrtbased.dll
 0000:fffe2000       .debug$S                   00400000     ucrtd:ucrtbased.dll
 0000:fffe2000       .debug$S                   00400000     ucrtd:ucrtbased.dll
 0000:fffe2000       .debug$S                   00400000     ucrtd:ucrtbased.dll
 0000:fffe2000       .debug$S                   00400000     ucrtd:ucrtbased.dll
 0000:fffe2000       .debug$S                   00400000     user32:USER32.dll
 0000:fffe2000       .debug$S                   00400000     ucrtd:ucrtbased.dll
 0000:fffe2000       .debug$S                   00400000     ucrtd:ucrtbased.dll
 0000:fffe2000       .debug$S                   00400000     ucrtd:ucrtbased.dll
 0000:fffe2000       .debug$S                   00400000     ucrtd:ucrtbased.dll
 0000:fffe2000       .debug$S                   00400000     ucrtd:ucrtbased.dll
 0000:fffe2000       .debug$S                   00400000     kernel32:KERNEL32.dll
 0000:fffe2000       .debug$S                   00400000     ucrtd:ucrtbased.dll
 0000:fffe4000       __guard_fids___CRT_RTC_INITW 00400000     MSVCRTD:init.obj
 0000:fffe2000       .debug$S                   00400000     vcruntimed:VCRUNTIME140D.dll
 0000:fffe2000       .debug$S                   00400000     vcruntimed:VCRUNTIME140D.dll
 0000:fffe2000       .debug$S                   00400000     vcruntimed:VCRUNTIME140D.dll
 0000:fffe2000       .debug$S                   00400000     ucrtd:ucrtbased.dll
 0000:fffe2000       .debug$S                   00400000     vcruntimed:VCRUNTIME140D.dll
 0000:fffe2000       .debug$S                   00400000     vcruntimed:VCRUNTIME140D.dll
 0000:fffe4000       __guard_fids___CRT_RTC_INIT 00400000     MSVCRTD:init.obj
 0000:fffe2000       .debug$S                   00400000     user32:USER32.dll
 0000:fffe2000       .debug$S                   00400000     user32:USER32.dll
 0000:fffe2000       .debug$S                   00400000     kernel32:KERNEL32.dll
 0000:fffe2000       .debug$S                   00400000     user32:USER32.dll
 0000:fffe2000       .debug$S                   00400000     user32:USER32.dll
 0000:fffe2000       .debug$S                   00400000     user32:USER32.dll
 0000:fffe2000       .debug$S                   00400000     user32:USER32.dll
 0000:fffe4000       __guard_fids___guard_icall_checks_enforced 00400000     MSVCRTD:guard_support.obj
 0000:fffe2000       .debug$S                   00400000     ucrtd:ucrtbased.dll
 0000:fffe4000       __guard_fids___except_handler4 00400000     MSVCRTD:chandler4gs.obj
 0000:fffe4000       __guard_fids____scrt_set_unhandled_exception_filter 00400000     MSVCRTD:utility_desktop.obj
 0000:fffe2000       .debug$S                   00400000     kernel32:KERNEL32.dll
 0000:fffe2000       .debug$S                   00400000     kernel32:KERNEL32.dll
 0000:fffe2000       .debug$S                   00400000     kernel32:KERNEL32.dll
 0000:fffe2000       .debug$S                   00400000     kernel32:KERNEL32.dll
 0000:fffe2000       .debug$S                   00400000     kernel32:KERNEL32.dll
 0000:fffe2000       .debug$S                   00400000     kernel32:KERNEL32.dll
 0000:fffe2000       .debug$S                   00400000     kernel32:KERNEL32.dll
 0000:fffe2000       .debug$S                   00400000     kernel32:KERNEL32.dll
 0000:fffe2000       .debug$S                   00400000     kernel32:KERNEL32.dll
 0000:fffe2000       .debug$S                   00400000     vcruntimed:VCRUNTIME140D.dll
 0000:fffe2000       .debug$S                   00400000     kernel32:KERNEL32.dll
 0000:fffe2000       .debug$S                   00400000     kernel32:KERNEL32.dll
 0000:fffe2000       .debug$S                   00400000     kernel32:KERNEL32.dll
 0000:fffe2000       .debug$S                   00400000     kernel32:KERNEL32.dll
 0000:fffe2000       .debug$S                   00400000     kernel32:KERNEL32.dll
 0000:fffe2000       .debug$S                   00400000     ucrtd:ucrtbased.dll
 0000:fffe2000       .debug$S                   00400000     kernel32:KERNEL32.dll
 0000:fffe2000       .debug$S                   00400000     kernel32:KERNEL32.dll
 0000:fffe2000       .debug$S                   00400000     kernel32:KERNEL32.dll
 0000:fffe2000       .debug$S                   00400000     kernel32:KERNEL32.dll
 0000:fffe2000       .debug$S                   00400000     kernel32:KERNEL32.dll
 0000:fffe4000       __guard_fids__             00400000     MSVCRTD:guard_support.obj
 0000:fffe2000       .debug$S                   00400000     kernel32:KERNEL32.dll
 0000:fffe4000       __guard_fids_?pre_c_initialization@@YAHXZ 00400000     MSVCRTD:exe_winmain.obj
 0000:fffe2000       .debug$S                   00400000     ucrtd:ucrtbased.dll
 0000:fffe2000       .debug$S                   00400000     ucrtd:ucrtbased.dll
 0000:fffe2000       .debug$S                   00400000     ucrtd:ucrtbased.dll
 0000:fffe4004       __guard_fids__             00400004     MSVCRTD:exe_winmain.obj
 0000:fffe4008       __guard_fids__             00400008     MSVCRTD:exe_winmain.obj
 0002:00000ae0       $$000000                   00411ae0     example.obj
 0002:00000c60       $$000000                   00411c60     io.obj
 0002:00001550       ?pre_c_initialization@@YAHXZ 00412550 f   MSVCRTD:exe_winmain.obj
 0002:00001630       ?post_pgo_initialization@@YAHXZ 00412630 f   MSVCRTD:exe_winmain.obj
 0002:00001640       ?pre_cpp_initialization@@YAXXZ 00412640 f   MSVCRTD:exe_winmain.obj
 0002:00001660       ?__scrt_common_main@@YAHXZ 00412660 f   MSVCRTD:exe_winmain.obj
 0002:00001680       ?__scrt_common_main_seh@@YAHXZ 00412680 f   MSVCRTD:exe_winmain.obj
 0002:00001950       ?invoke_main@@YAHXZ        00412950 f   MSVCRTD:exe_winmain.obj
 0002:00001a00       ?DebuggerProbe@@YA_NK@Z    00412a00 f   MSVCRTD:error.obj
 0002:00001a50       ?DebuggerRuntime@@YA_NKHPAXPB_W@Z 00412a50 f   MSVCRTD:error.obj
 0002:00001d20       ?_getMemBlockDataString@@YAXPAD0PBDI@Z 00412d20 f   MSVCRTD:error.obj
 0002:00001db0       ?_strlen_priv@@YAIPBD@Z    00412db0 f   MSVCRTD:error.obj
 0002:00001dd0       ?failwithmessage@@YAXPAXHHPBD@Z 00412dd0 f   MSVCRTD:error.obj
 0002:00002050       ?notify_debugger@@YAXABUtagEXCEPTION_VISUALCPP_DEBUG_INFO@@@Z 00413050 f   MSVCRTD:error.obj
 0002:000023b0       ?find_pe_section@@YAPAU_IMAGE_SECTION_HEADER@@QAEI@Z 004133b0 f   MSVCRTD:utility.obj
 0002:00002460       ?is_potentially_valid_image_base@@YA_NQAX@Z 00413460 f   MSVCRTD:utility.obj
 0002:00002ba0       ___get_entropy             00413ba0 f   MSVCRTD:gs_support.obj
 0002:00003360       ?GetPdbDll@@YAPAUHINSTANCE__@@XZ 00414360 f   MSVCRTD:pdblkup.obj
 0002:000034f0       ?GetPdbDllFromInstallPath@@YAPAUHINSTANCE__@@XZ 004144f0 f   MSVCRTD:pdblkup.obj
 0002:000037e0       ?GetPdbDllPathFromFilePath@@YAHPB_WPA_WI@Z 004147e0 f   MSVCRTD:pdblkup.obj
 0003:00000104       ?pre_cpp_initializer@@3P6AXXZA 00417104     MSVCRTD:exe_winmain.obj
 0003:00000410       ?pre_c_initializer@@3P6AHXZA 00417410     MSVCRTD:exe_winmain.obj
 0003:00000514       ?post_pgo_initializer@@3P6AHXZA 00417514     MSVCRTD:exe_winmain.obj
 0003:00000b54       _GS_ExceptionPointers      00417b54     MSVCRTD:gs_report.obj
 0003:00000b60       ?_RTC_ErrorMessages@@3QBQBDB 00417b60     MSVCRTD:error.obj
 0003:00000b78       ?_RTC_NoFalsePositives@@3QBHB 00417b78     MSVCRTD:error.obj
 0003:00000b90       ?stack_premsg@@3QBDB       00417b90     MSVCRTD:error.obj
 0003:00000bac       ?stack_postmsg@@3QBDB      00417bac     MSVCRTD:error.obj
 0003:00000bc0       ?uninit_premsg@@3QBDB      00417bc0     MSVCRTD:error.obj
 0003:00000bd0       ?uninit_postmsg@@3QBDB     00417bd0     MSVCRTD:error.obj
 0003:00001220       ?_RTC_errlist@@3QBQBDB     00418220     MSVCRTD:userapi.obj
 0003:00001304       ?mspdbName@@3QB_WB         00418304     MSVCRTD:pdblkup.obj
 0003:00001328       ?debugCrtFileName@@3QB_WB  00418328     MSVCRTD:pdblkup.obj
 0003:000014b8       ?dllExt@?1??GetPdbDllPathFromFilePath@@YAHPB_WPA_WI@Z@4QB_WB 004184b8     MSVCRTD:pdblkup.obj
 0003:000014c4       ?mspdbFilename@?1??GetPdbDllPathFromFilePath@@YAHPB_WPA_WI@Z@4QB_WB 004184c4     MSVCRTD:pdblkup.obj
 0003:00001a2c       __RTC_InitBase.rtc$IMZ     00418a2c     framework.obj
 0003:00001d38       __RTC_Shutdown.rtc$TMZ     00418d38     framework.obj
 0003:00001f40       __sehtable$?__scrt_common_main_seh@@YAHXZ 00418f40     MSVCRTD:exe_winmain.obj
 0003:00001f60       __sehtable$?notify_debugger@@YAXABUtagEXCEPTION_VISUALCPP_DEBUG_INFO@@@Z 00418f60     MSVCRTD:error.obj
 0003:00001f80       __sehtable$___scrt_is_nonwritable_in_current_image 00418f80     MSVCRTD:utility.obj
 0004:00000000       x                          0041a000     example.obj
 0004:00000004       y                          0041a004     example.obj
 0004:00000008       z                          0041a008     example.obj
 0004:0000000c       f                          0041a00c     example.obj
 0004:00000010       xy                         0041a010     example.obj
 0004:00000014       prompt1                    0041a014     example.obj
 0004:0000001c       prompt2                    0041a01c     example.obj
 0004:00000024       prompt3                    0041a024     example.obj
 0004:0000002c       string                     0041a02c     example.obj
 0004:00000054       resultLbl                  0041a054     example.obj
 0004:00000072       expr                       0041a072     example.obj
 0004:000001e0       _buf                       0041a1e0     framework.obj
 0004:000002e0       _inputLabel                0041a2e0     framework.obj
 0004:00000448       _GS_ExceptionRecord        0041a448     MSVCRTD:gs_report.obj
 0004:00000498       _GS_ContextRecord          0041a498     MSVCRTD:gs_report.obj
 0004:00000803       ?init@?1??_RTC_InitBase@@9@4_NA 0041a803     MSVCRTD:init.obj
 0004:00000814       ?_RTC_ErrorReportFunc@@3P6AHHPBDH00ZZA 0041a814     MSVCRTD:userapi.obj
 0004:00000818       ?_RTC_ErrorReportFuncW@@3P6AHHPB_WH00ZZA 0041a818     MSVCRTD:userapi.obj
 0004:00000828       ?is_initialized_as_dll@@3_NA 0041a828     MSVCRTD:utility.obj
 0004:00000829       ?module_local_atexit_table_initialized@@3_NA 0041a829     MSVCRTD:utility.obj
 0004:0000082c       ?module_local_atexit_table@@3U_onexit_table_t@@A 0041a82c     MSVCRTD:utility.obj
 0004:00000838       ?module_local_at_quick_exit_table@@3U_onexit_table_t@@A 0041a838     MSVCRTD:utility.obj
 0004:00000870       ?mspdb@@3PAUHINSTANCE__@@A 0041a870     MSVCRTD:pdblkup.obj
 0004:00000874       ?alreadyTried@?1??GetPdbDll@@YAPAUHINSTANCE__@@XZ@4_NA 0041a874     MSVCRTD:pdblkup.obj
 0004:00000875       ?PDBOK@?1??_RTC_GetSrcLine@@YAHPAEPA_WKPAH1K@Z@4_NA 0041a875     MSVCRTD:pdblkup.obj
 0005:000004ca       .idata$6                   0041b4ca     user32:USER32.dll
 0005:00000568       .idata$6                   0041b568     vcruntimed:VCRUNTIME140D.dll
 0005:000007ee       .idata$6                   0041b7ee     ucrtd:ucrtbased.dll
 0005:000009d2       .idata$6                   0041b9d2     kernel32:KERNEL32.dll
 0007:000001c0       $R000000                   0041d1c0     framework.res
 0007:00000268       $R0000A8                   0041d268     framework.res
